// Jest Snapshot v1, https://goo.gl/fbAQLP

exports[`<Bottom /> matches previous snapshot 1`] = `
<footer>
  <img
    alt="reactions"
    src="Reactions.png"
  />
  <img
    alt="media buttons"
    src="mediaIcons.png"
  />
  <button
    className="joinButton"
  >
    Join Stage
  </button>
</footer>
`;
